// Jest Snapshot v1, https://goo.gl/fbAQLP

exports[`App Render Snapshot should render the matching snapshot correctly 1`] = `
<View
  style={
    Object {
      "backgroundColor": "#F5FCFF",
      "flex": 1,
      "padding": 20,
    }
  }
>
  <Text
    accessible={true}
    allowFontScaling={true}
    ellipsizeMode="tail"
    style={
      Object {
        "fontSize": 20,
        "margin": 10,
        "textAlign": "center",
      }
    }
  >
    Contact List
  </Text>
  <View
    style-={
      Object {
        "alignItems": "flex-start",
        "flex": 1,
      }
    }
  >
    <View
      style={
        Object {
          "paddingTop": 10,
        }
      }
    >
      <TextInput
        allowFontScaling={true}
        onChangeText={[Function]}
        placeholder="Search"
        style={
          Object {
            "backgroundColor": "#D4D8D8",
            "borderRadius": 10,
            "opacity": 100,
            "textAlign": "center",
          }
        }
      />
    </View>
  </View>
  <RCTScrollView
    data={
      Array [
        Object {
          "email": "hsdpal@gmail.com",
          "image": "https://upload.wikimedia.org/wikipedia/commons/7/7c/Profile_avatar_placeholder_large.png",
          "name": "DP",
        },
        Object {
          "email": "vascodagama1@gmail.com",
          "image": "https://upload.wikimedia.org/wikipedia/commons/7/7c/Profile_avatar_placeholder_large.png",
          "name": "Neel",
        },
        Object {
          "email": "mail@chetankhotari.m",
          "image": "https://upload.wikimedia.org/wikipedia/commons/7/7c/Profile_avatar_placeholder_large.png",
          "name": "Chetan",
        },
      ]
    }
    disableVirtualization={false}
    getItem={[Function]}
    getItemCount={[Function]}
    horizontal={false}
    initialNumToRender={10}
    invertStickyHeaders={undefined}
    keyExtractor={[Function]}
    maxToRenderPerBatch={10}
    numColumns={1}
    onContentSizeChange={[Function]}
    onEndReachedThreshold={2}
    onLayout={[Function]}
    onMomentumScrollEnd={[Function]}
    onScroll={[Function]}
    onScrollBeginDrag={[Function]}
    onScrollEndDrag={[Function]}
    renderItem={[Function]}
    scrollEventThrottle={50}
    stickyHeaderIndices={Array []}
    style={
      Object {
        "height": 500,
        "paddingTop": 20,
      }
    }
    updateCellsBatchingPeriod={50}
    viewabilityConfigCallbackPairs={Array []}
    windowSize={21}
  >
    <View>
      <View
        onLayout={[Function]}
        style={null}
      >
        <View
          style={
            Object {
              "alignItems": "flex-end",
              "borderWidth": 0.5,
              "flex": 1,
              "flexDirection": "row",
            }
          }
        >
          <Image
            source={
              Object {
                "uri": "https://upload.wikimedia.org/wikipedia/commons/7/7c/Profile_avatar_placeholder_large.png",
              }
            }
            style={
              Object {
                "height": 60,
                "width": 60,
              }
            }
          />
          <Text
            accessible={true}
            allowFontScaling={true}
            ellipsizeMode="tail"
            style={
              Object {
                "fontSize": 18,
                "height": 44,
                "padding": 10,
              }
            }
          >
            DP
          </Text>
          <Text
            accessible={true}
            allowFontScaling={true}
            ellipsizeMode="tail"
            style={
              Object {
                "fontSize": 10,
                "height": 30,
                "padding": 5,
              }
            }
          >
            hsdpal@gmail.com
          </Text>
        </View>
      </View>
      <View
        onLayout={[Function]}
        style={null}
      >
        <View
          style={
            Object {
              "alignItems": "flex-end",
              "borderWidth": 0.5,
              "flex": 1,
              "flexDirection": "row",
            }
          }
        >
          <Image
            source={
              Object {
                "uri": "https://upload.wikimedia.org/wikipedia/commons/7/7c/Profile_avatar_placeholder_large.png",
              }
            }
            style={
              Object {
                "height": 60,
                "width": 60,
              }
            }
          />
          <Text
            accessible={true}
            allowFontScaling={true}
            ellipsizeMode="tail"
            style={
              Object {
                "fontSize": 18,
                "height": 44,
                "padding": 10,
              }
            }
          >
            Neel
          </Text>
          <Text
            accessible={true}
            allowFontScaling={true}
            ellipsizeMode="tail"
            style={
              Object {
                "fontSize": 10,
                "height": 30,
                "padding": 5,
              }
            }
          >
            vascodagama1@gmail.com
          </Text>
        </View>
      </View>
      <View
        onLayout={[Function]}
        style={null}
      >
        <View
          style={
            Object {
              "alignItems": "flex-end",
              "borderWidth": 0.5,
              "flex": 1,
              "flexDirection": "row",
            }
          }
        >
          <Image
            source={
              Object {
                "uri": "https://upload.wikimedia.org/wikipedia/commons/7/7c/Profile_avatar_placeholder_large.png",
              }
            }
            style={
              Object {
                "height": 60,
                "width": 60,
              }
            }
          />
          <Text
            accessible={true}
            allowFontScaling={true}
            ellipsizeMode="tail"
            style={
              Object {
                "fontSize": 18,
                "height": 44,
                "padding": 10,
              }
            }
          >
            Chetan
          </Text>
          <Text
            accessible={true}
            allowFontScaling={true}
            ellipsizeMode="tail"
            style={
              Object {
                "fontSize": 10,
                "height": 30,
                "padding": 5,
              }
            }
          >
            mail@chetankhotari.m
          </Text>
        </View>
      </View>
      <View
        style={
          Object {
            "height": 0,
          }
        }
      />
    </View>
  </RCTScrollView>
  <View
    style={
      Object {
        "alignItems": "flex-end",
        "flex": 1,
        "flexDirection": "row",
      }
    }
  >
    <View
      style={
        Object {
          "alignItems": "flex-start",
          "flex": 1,
        }
      }
    >
      <TextInput
        allowFontScaling={true}
        onChangeText={[Function]}
        placeholder="Name"
      />
      <TextInput
        allowFontScaling={true}
        onChangeText={[Function]}
        placeholder="Email"
      />
    </View>
    <View
      accessibilityComponentType="button"
      accessibilityLabel={undefined}
      accessibilityTraits={
        Array [
          "button",
        ]
      }
      accessible={true}
      collapsable={undefined}
      hasTVPreferredFocus={undefined}
      hitSlop={undefined}
      isTVSelectable={true}
      nativeID={undefined}
      onLayout={undefined}
      onResponderGrant={[Function]}
      onResponderMove={[Function]}
      onResponderRelease={[Function]}
      onResponderTerminate={[Function]}
      onResponderTerminationRequest={[Function]}
      onStartShouldSetResponder={[Function]}
      style={
        Object {
          "opacity": 1,
        }
      }
      testID={undefined}
      tvParallaxProperties={undefined}
    >
      <View
        style={
          Array [
            Object {},
          ]
        }
      >
        <Text
          accessible={true}
          allowFontScaling={true}
          disabled={undefined}
          ellipsizeMode="tail"
          style={
            Array [
              Object {
                "color": "#007AFF",
                "fontSize": 18,
                "padding": 8,
                "textAlign": "center",
              },
            ]
          }
        >
          Submit Data
        </Text>
      </View>
    </View>
  </View>
</View>
`;
